{"rc":0,"rc_str":"OK","rsp":{"ip": "192.168.1.93","rdb": 3412200}}
