{"success":true}
{"rc":0,"rc_str":"OK","rc_str_hr":"Success","recordsFiltered":1,"recordsTotal":1,"rsp":{"records":[{"additional_alerts":"Missing TLS SNI [Score: 50], TLS not carrying HTTPS [Score: 10]","alert_id":{"label":"<i class=\"fas fa-fw fa-exclamation\"></i> TLS Certificate Mismatch","value":"23"},"alert_name":"<i class=\"fas fa-fw fa-exclamation\"></i> TLS Certificate Mismatch","count":1,"description":"TLS Certificate Mismatch ","duration":0,"family":"flow","flow":{"active_url":"/lua/flow_details.lua?flow_key=362652409&flow_hash_id=0","cli_ip":{"label":"10.206.131.18@258","reference":"<a href='/lua/host_details.lua?host=10.206.131.18@258' data-bs-toggle='tooltip' title=''><i class='fas fa-laptop'></i></a>","value":"10.206.131.18@258"},"cli_port":"58657","historical_url":"/lua/pro/nindex_query.lua?epoch_begin=1557818846&epoch_end=1627656570&cli_ip=10.206.131.18;eq&srv_ip=10.206.65.249;eq&cli_port=58657;eq&srv_port=443;eq&l4proto=TCP;eq","srv_ip":{"label":"10.206.65.249@258","reference":"<a href='/lua/host_details.lua?host=10.206.65.249@258' data-bs-toggle='tooltip' title=''><i class='fas fa-laptop'></i></a>","value":"10.206.65.249@258"},"srv_port":"443"},"l7_proto":{"label":"TCP:TLS","value":"91"},"msg":{"configset_ref":" <a href=\"/lua/admin/edit_configset.lua?subdir=flow&check=tls_certificate_mismatch#all\"><i class=\"fas fa-cog\" title=\"Edit Configuration\"></i></a>","description":"","fullname":"TLS Certificate Mismatch","name":"TLS Certificate Mismatch","value":23},"proto":{"label":"TCP","value":"6"},"row_id":"1","score":{"color":"#ff3231","label":"160","value":160},"script_key":"tls_certificate_mismatch","severity":{"color":"#ff3231","label":"<i class='fas fa-fw fa-exclamation-triangle text-danger' style='color: #ff3231!important' title='Error'></i> ","value":5},"tstamp":{"highlight":"#ff3231","label":"16:49:30","value":1627656570},"vlan_id":"258"}]}}
