{"success":true}
{"rc":0,"rc_str":"OK","rc_str_hr":"Success","recordsFiltered":18,"recordsTotal":18,"rsp":{"records":[{"additional_alerts":"","alert_id":{"label":"<i class=\"fas fa-fw fa-exclamation\"></i> HTTP Numeric IP Host","value":"43"},"alert_name":"<i class=\"fas fa-fw fa-exclamation\"></i> HTTP Numeric IP Host","cli_role":{"label":"Is Attacker","tag_label":"Is Attacker","value":"attacker"},"count":1,"description":"HTTP Numeric IP Host","duration":0,"family":"flow","flow":{"active_url":"/lua/flow_details.lua?flow_key=1824054532&flow_hash_id=0","cli_ip":{"label":"172.16.0.1","reference":"<a href='/lua/host_details.lua?host=172.16.0.1' data-bs-toggle='tooltip' title=''><i class='fas fa-laptop'></i></a>","value":"172.16.0.1"},"cli_port":"52098","historical_url":"/lua/pro/nindex_query.lua?epoch_begin=1499346935&epoch_end=1627656548&cli_ip=172.16.0.1;eq&srv_ip=192.168.10.50;eq&cli_port=52098;eq&srv_port=80;eq&l4proto=TCP;eq","srv_ip":{"label":"205.174.165.68","reference":"<a href='/lua/host_details.lua?host=192.168.10.50' data-bs-toggle='tooltip' title=''><i class='fas fa-laptop'></i></a>","value":"192.168.10.50"},"srv_port":"80"},"l7_proto":{"label":"TCP:HTTP","value":"7"},"msg":{"configset_ref":" <a href=\"/lua/admin/edit_configset.lua?subdir=flow&check=ndpi_http_numeric_ip_host#all\"><i class=\"fas fa-cog\" title=\"Edit Configuration\"></i></a>","description":"","fullname":"HTTP Numeric IP Host","name":"HTTP Numeric IP Host","value":43},"proto":{"label":"TCP","value":"6"},"row_id":"1","score":{"color":"#5cd65c","label":"10","value":10},"script_key":"ndpi_http_numeric_ip_host","severity":{"color":"#5cd65c","label":"<i class='fas fa-fw fa-hand-paper text-primary' style='color: #5cd65c!important' title='Notice'></i> ","value":3},"srv_role":{"label":"Is Victim","tag_label":"Is Victim","value":"victim"},"tstamp":{"highlight":"#5cd65c","label":"16:49:08","value":1627656548},"vlan_id":"0"},{"additional_alerts":"","alert_id":{"label":"<i class=\"fas fa-fw fa-exclamation\"></i> HTTP Numeric IP Host","value":"43"},"alert_name":"<i class=\"fas fa-fw fa-exclamation\"></i> HTTP Numeric IP Host","cli_role":{"label":"Is Attacker","tag_label":"Is Attacker","value":"attacker"},"count":1,"description":"HTTP Numeric IP Host","duration":0,"family":"flow","flow":{"active_url":"/lua/flow_details.lua?flow_key=1824080644&flow_hash_id=4","cli_ip":{"label":"172.16.0.1","reference":"<a href='/lua/host_details.lua?host=172.16.0.1' data-bs-toggle='tooltip' title=''><i class='fas fa-laptop'></i></a>","value":"172.16.0.1"},"cli_port":"52200","historical_url":"/lua/pro/nindex_query.lua?epoch_begin=1499346956&epoch_end=1627656548&cli_ip=172.16.0.1;eq&srv_ip=192.168.10.50;eq&cli_port=52200;eq&srv_port=80;eq&l4proto=TCP;eq","srv_ip":{"label":"205.174.165.68","reference":"<a href='/lua/host_details.lua?host=192.168.10.50' data-bs-toggle='tooltip' title=''><i class='fas fa-laptop'></i></a>","value":"192.168.10.50"},"srv_port":"80"},"l7_proto":{"label":"TCP:HTTP","value":"7"},"msg":{"configset_ref":" <a href=\"/lua/admin/edit_configset.lua?subdir=flow&check=ndpi_http_numeric_ip_host#all\"><i class=\"fas fa-cog\" title=\"Edit Configuration\"></i></a>","description":"","fullname":"HTTP Numeric IP Host","name":"HTTP Numeric IP Host","value":43},"proto":{"label":"TCP","value":"6"},"row_id":"2","score":{"color":"#5cd65c","label":"10","value":10},"script_key":"ndpi_http_numeric_ip_host","severity":{"color":"#5cd65c","label":"<i class='fas fa-fw fa-hand-paper text-primary' style='color: #5cd65c!important' title='Notice'></i> ","value":3},"srv_role":{"label":"Is Victim","tag_label":"Is Victim","value":"victim"},"tstamp":{"highlight":"#5cd65c","label":"16:49:08","value":1627656548},"vlan_id":"0"},{"additional_alerts":"","alert_id":{"label":"<i class=\"fas fa-fw fa-exclamation\"></i> HTTP Numeric IP Host","value":"43"},"alert_name":"<i class=\"fas fa-fw fa-exclamation\"></i> HTTP Numeric IP Host","cli_role":{"label":"Is Attacker","tag_label":"Is Attacker","value":"attacker"},"count":1,"description":"HTTP Numeric IP Host","duration":0,"family":"flow","flow":{"active_url":"/lua/flow_details.lua?flow_key=1824040197&flow_hash_id=8","cli_ip":{"label":"172.16.0.1","reference":"<a href='/lua/host_details.lua?host=172.16.0.1' data-bs-toggle='tooltip' title=''><i class='fas fa-laptop'></i></a>","value":"172.16.0.1"},"cli_port":"52298","historical_url":"/lua/pro/nindex_query.lua?epoch_begin=1499346976&epoch_end=1627656548&cli_ip=172.16.0.1;eq&srv_ip=192.168.10.50;eq&cli_port=52298;eq&srv_port=80;eq&l4proto=TCP;eq","srv_ip":{"label":"205.174.165.68","reference":"<a href='/lua/host_details.lua?host=192.168.10.50' data-bs-toggle='tooltip' title=''><i class='fas fa-laptop'></i></a>","value":"192.168.10.50"},"srv_port":"80"},"l7_proto":{"label":"TCP:HTTP","value":"7"},"msg":{"configset_ref":" <a href=\"/lua/admin/edit_configset.lua?subdir=flow&check=ndpi_http_numeric_ip_host#all\"><i class=\"fas fa-cog\" title=\"Edit Configuration\"></i></a>","description":"","fullname":"HTTP Numeric IP Host","name":"HTTP Numeric IP Host","value":43},"proto":{"label":"TCP","value":"6"},"row_id":"3","score":{"color":"#5cd65c","label":"10","value":10},"script_key":"ndpi_http_numeric_ip_host","severity":{"color":"#5cd65c","label":"<i class='fas fa-fw fa-hand-paper text-primary' style='color: #5cd65c!important' title='Notice'></i> ","value":3},"srv_role":{"label":"Is Victim","tag_label":"Is Victim","value":"victim"},"tstamp":{"highlight":"#5cd65c","label":"16:49:08","value":1627656548},"vlan_id":"0"},{"additional_alerts":"","alert_id":{"label":"<i class=\"fas fa-fw fa-exclamation\"></i> HTTP Numeric IP Host","value":"43"},"alert_name":"<i class=\"fas fa-fw fa-exclamation\"></i> HTTP Numeric IP Host","cli_role":{"label":"Is Attacker","tag_label":"Is Attacker","value":"attacker"},"count":1,"description":"HTTP Numeric IP Host","duration":0,"family":"flow","flow":{"active_url":"/lua/flow_details.lua?flow_key=1824040709&flow_hash_id=9","cli_ip":{"label":"172.16.0.1","reference":"<a href='/lua/host_details.lua?host=172.16.0.1' data-bs-toggle='tooltip' title=''><i class='fas fa-laptop'></i></a>","value":"172.16.0.1"},"cli_port":"52300","historical_url":"/lua/pro/nindex_query.lua?epoch_begin=1499346976&epoch_end=1627656548&cli_ip=172.16.0.1;eq&srv_ip=192.168.10.50;eq&cli_port=52300;eq&srv_port=80;eq&l4proto=TCP;eq","srv_ip":{"label":"205.174.165.68","reference":"<a href='/lua/host_details.lua?host=192.168.10.50' data-bs-toggle='tooltip' title=''><i class='fas fa-laptop'></i></a>","value":"192.168.10.50"},"srv_port":"80"},"l7_proto":{"label":"TCP:HTTP","value":"7"},"msg":{"configset_ref":" <a href=\"/lua/admin/edit_configset.lua?subdir=flow&check=ndpi_http_numeric_ip_host#all\"><i class=\"fas fa-cog\" title=\"Edit Configuration\"></i></a>","description":"","fullname":"HTTP Numeric IP Host","name":"HTTP Numeric IP Host","value":43},"proto":{"label":"TCP","value":"6"},"row_id":"4","score":{"color":"#5cd65c","label":"10","value":10},"script_key":"ndpi_http_numeric_ip_host","severity":{"color":"#5cd65c","label":"<i class='fas fa-fw fa-hand-paper text-primary' style='color: #5cd65c!important' title='Notice'></i> ","value":3},"srv_role":{"label":"Is Victim","tag_label":"Is Victim","value":"victim"},"tstamp":{"highlight":"#5cd65c","label":"16:49:08","value":1627656548},"vlan_id":"0"},{"additional_alerts":"","alert_id":{"label":"<i class=\"fas fa-fw fa-exclamation\"></i> HTTP Numeric IP Host","value":"43"},"alert_name":"<i class=\"fas fa-fw fa-exclamation\"></i> HTTP Numeric IP Host","cli_role":{"label":"Is Attacker","tag_label":"Is Attacker","value":"attacker"},"count":1,"description":"HTTP Numeric IP Host","duration":0,"family":"flow","flow":{"active_url":"/lua/flow_details.lua?flow_key=1824045317&flow_hash_id=10","cli_ip":{"label":"172.16.0.1","reference":"<a href='/lua/host_details.lua?host=172.16.0.1' data-bs-toggle='tooltip' title=''><i class='fas fa-laptop'></i></a>","value":"172.16.0.1"},"cli_port":"52318","historical_url":"/lua/pro/nindex_query.lua?epoch_begin=1499346976&epoch_end=1627656548&cli_ip=172.16.0.1;eq&srv_ip=192.168.10.50;eq&cli_port=52318;eq&srv_port=80;eq&l4proto=TCP;eq","srv_ip":{"label":"205.174.165.68","reference":"<a href='/lua/host_details.lua?host=192.168.10.50' data-bs-toggle='tooltip' title=''><i class='fas fa-laptop'></i></a>","value":"192.168.10.50"},"srv_port":"80"},"l7_proto":{"label":"TCP:HTTP","value":"7"},"msg":{"configset_ref":" <a href=\"/lua/admin/edit_configset.lua?subdir=flow&check=ndpi_http_numeric_ip_host#all\"><i class=\"fas fa-cog\" title=\"Edit Configuration\"></i></a>","description":"","fullname":"HTTP Numeric IP Host","name":"HTTP Numeric IP Host","value":43},"proto":{"label":"TCP","value":"6"},"row_id":"5","score":{"color":"#5cd65c","label":"10","value":10},"script_key":"ndpi_http_numeric_ip_host","severity":{"color":"#5cd65c","label":"<i class='fas fa-fw fa-hand-paper text-primary' style='color: #5cd65c!important' title='Notice'></i> ","value":3},"srv_role":{"label":"Is Victim","tag_label":"Is Victim","value":"victim"},"tstamp":{"highlight":"#5cd65c","label":"16:49:08","value":1627656548},"vlan_id":"0"},{"additional_alerts":"","alert_id":{"label":"<i class=\"fas fa-fw fa-exclamation\"></i> HTTP Numeric IP Host","value":"43"},"alert_name":"<i class=\"fas fa-fw fa-exclamation\"></i> HTTP Numeric IP Host","cli_role":{"label":"Is Attacker","tag_label":"Is Attacker","value":"attacker"},"count":1,"description":"HTTP Numeric IP Host","duration":0,"family":"flow","flow":{"active_url":"/lua/flow_details.lua?flow_key=1824065799&flow_hash_id=40","cli_ip":{"label":"172.16.0.1","reference":"<a href='/lua/host_details.lua?host=172.16.0.1' data-bs-toggle='tooltip' title=''><i class='fas fa-laptop'></i></a>","value":"172.16.0.1"},"cli_port":"52910","historical_url":"/lua/pro/nindex_query.lua?epoch_begin=1499347033&epoch_end=1627656548&cli_ip=172.16.0.1;eq&srv_ip=192.168.10.50;eq&cli_port=52910;eq&srv_port=80;eq&l4proto=TCP;eq","srv_ip":{"label":"205.174.165.68","reference":"<a href='/lua/host_details.lua?host=192.168.10.50' data-bs-toggle='tooltip' title=''><i class='fas fa-laptop'></i></a>","value":"192.168.10.50"},"srv_port":"80"},"l7_proto":{"label":"TCP:HTTP","value":"7"},"msg":{"configset_ref":" <a href=\"/lua/admin/edit_configset.lua?subdir=flow&check=ndpi_http_numeric_ip_host#all\"><i class=\"fas fa-cog\" title=\"Edit Configuration\"></i></a>","description":"","fullname":"HTTP Numeric IP Host","name":"HTTP Numeric IP Host","value":43},"proto":{"label":"TCP","value":"6"},"row_id":"6","score":{"color":"#5cd65c","label":"10","value":10},"script_key":"ndpi_http_numeric_ip_host","severity":{"color":"#5cd65c","label":"<i class='fas fa-fw fa-hand-paper text-primary' style='color: #5cd65c!important' title='Notice'></i> ","value":3},"srv_role":{"label":"Is Victim","tag_label":"Is Victim","value":"victim"},"tstamp":{"highlight":"#5cd65c","label":"16:49:08","value":1627656548},"vlan_id":"0"},{"additional_alerts":"","alert_id":{"label":"<i class=\"fas fa-fw fa-exclamation\"></i> HTTP Numeric IP Host","value":"43"},"alert_name":"<i class=\"fas fa-fw fa-exclamation\"></i> HTTP Numeric IP Host","cli_role":{"label":"Is Attacker","tag_label":"Is Attacker","value":"attacker"},"count":1,"description":"HTTP Numeric IP Host","duration":0,"family":"flow","flow":{"active_url":"/lua/flow_details.lua?flow_key=1824085772&flow_hash_id=113","cli_ip":{"label":"172.16.0.1","reference":"<a href='/lua/host_details.lua?host=172.16.0.1' data-bs-toggle='tooltip' title=''><i class='fas fa-laptop'></i></a>","value":"172.16.0.1"},"cli_port":"54268","historical_url":"/lua/pro/nindex_query.lua?epoch_begin=1499347163&epoch_end=1627656548&cli_ip=172.16.0.1;eq&srv_ip=192.168.10.50;eq&cli_port=54268;eq&srv_port=80;eq&l4proto=TCP;eq","srv_ip":{"label":"205.174.165.68","reference":"<a href='/lua/host_details.lua?host=192.168.10.50' data-bs-toggle='tooltip' title=''><i class='fas fa-laptop'></i></a>","value":"192.168.10.50"},"srv_port":"80"},"l7_proto":{"label":"TCP:HTTP","value":"7"},"msg":{"configset_ref":" <a href=\"/lua/admin/edit_configset.lua?subdir=flow&check=ndpi_http_numeric_ip_host#all\"><i class=\"fas fa-cog\" title=\"Edit Configuration\"></i></a>","description":"","fullname":"HTTP Numeric IP Host","name":"HTTP Numeric IP Host","value":43},"proto":{"label":"TCP","value":"6"},"row_id":"7","score":{"color":"#5cd65c","label":"10","value":10},"script_key":"ndpi_http_numeric_ip_host","severity":{"color":"#5cd65c","label":"<i class='fas fa-fw fa-hand-paper text-primary' style='color: #5cd65c!important' title='Notice'></i> ","value":3},"srv_role":{"label":"Is Victim","tag_label":"Is Victim","value":"victim"},"tstamp":{"highlight":"#5cd65c","label":"16:49:08","value":1627656548},"vlan_id":"0"},{"additional_alerts":"","alert_id":{"label":"<i class=\"fas fa-fw fa-exclamation\"></i> HTTP Numeric IP Host","value":"43"},"alert_name":"<i class=\"fas fa-fw fa-exclamation\"></i> HTTP Numeric IP Host","cli_role":{"label":"Is Attacker","tag_label":"Is Attacker","value":"attacker"},"count":1,"description":"HTTP Numeric IP Host","duration":0,"family":"flow","flow":{"active_url":"/lua/flow_details.lua?flow_key=1824065295&flow_hash_id=151","cli_ip":{"label":"172.16.0.1","reference":"<a href='/lua/host_details.lua?host=172.16.0.1' data-bs-toggle='tooltip' title=''><i class='fas fa-laptop'></i></a>","value":"172.16.0.1"},"cli_port":"54956","historical_url":"/lua/pro/nindex_query.lua?epoch_begin=1499347228&epoch_end=1627656548&cli_ip=172.16.0.1;eq&srv_ip=192.168.10.50;eq&cli_port=54956;eq&srv_port=80;eq&l4proto=TCP;eq","srv_ip":{"label":"205.174.165.68","reference":"<a href='/lua/host_details.lua?host=192.168.10.50' data-bs-toggle='tooltip' title=''><i class='fas fa-laptop'></i></a>","value":"192.168.10.50"},"srv_port":"80"},"l7_proto":{"label":"TCP:HTTP","value":"7"},"msg":{"configset_ref":" <a href=\"/lua/admin/edit_configset.lua?subdir=flow&check=ndpi_http_numeric_ip_host#all\"><i class=\"fas fa-cog\" title=\"Edit Configuration\"></i></a>","description":"","fullname":"HTTP Numeric IP Host","name":"HTTP Numeric IP Host","value":43},"proto":{"label":"TCP","value":"6"},"row_id":"8","score":{"color":"#5cd65c","label":"10","value":10},"script_key":"ndpi_http_numeric_ip_host","severity":{"color":"#5cd65c","label":"<i class='fas fa-fw fa-hand-paper text-primary' style='color: #5cd65c!important' title='Notice'></i> ","value":3},"srv_role":{"label":"Is Victim","tag_label":"Is Victim","value":"victim"},"tstamp":{"highlight":"#5cd65c","label":"16:49:08","value":1627656548},"vlan_id":"0"},{"additional_alerts":"","alert_id":{"label":"<i class=\"fas fa-fw fa-exclamation\"></i> HTTP Numeric IP Host","value":"43"},"alert_name":"<i class=\"fas fa-fw fa-exclamation\"></i> HTTP Numeric IP Host","cli_role":{"label":"Is Attacker","tag_label":"Is Attacker","value":"attacker"},"count":1,"description":"HTTP Numeric IP Host","duration":0,"family":"flow","flow":{"active_url":"/lua/flow_details.lua?flow_key=1824041746&flow_hash_id=189","cli_ip":{"label":"172.16.0.1","reference":"<a href='/lua/host_details.lua?host=172.16.0.1' data-bs-toggle='tooltip' title=''><i class='fas fa-laptop'></i></a>","value":"172.16.0.1"},"cli_port":"55632","historical_url":"/lua/pro/nindex_query.lua?epoch_begin=1499347291&epoch_end=1627656548&cli_ip=172.16.0.1;eq&srv_ip=192.168.10.50;eq&cli_port=55632;eq&srv_port=80;eq&l4proto=TCP;eq","srv_ip":{"label":"205.174.165.68","reference":"<a href='/lua/host_details.lua?host=192.168.10.50' data-bs-toggle='tooltip' title=''><i class='fas fa-laptop'></i></a>","value":"192.168.10.50"},"srv_port":"80"},"l7_proto":{"label":"TCP:HTTP","value":"7"},"msg":{"configset_ref":" <a href=\"/lua/admin/edit_configset.lua?subdir=flow&check=ndpi_http_numeric_ip_host#all\"><i class=\"fas fa-cog\" title=\"Edit Configuration\"></i></a>","description":"","fullname":"HTTP Numeric IP Host","name":"HTTP Numeric IP Host","value":43},"proto":{"label":"TCP","value":"6"},"row_id":"9","score":{"color":"#5cd65c","label":"10","value":10},"script_key":"ndpi_http_numeric_ip_host","severity":{"color":"#5cd65c","label":"<i class='fas fa-fw fa-hand-paper text-primary' style='color: #5cd65c!important' title='Notice'></i> ","value":3},"srv_role":{"label":"Is Victim","tag_label":"Is Victim","value":"victim"},"tstamp":{"highlight":"#5cd65c","label":"16:49:08","value":1627656548},"vlan_id":"0"},{"additional_alerts":"","alert_id":{"label":"<i class=\"fas fa-fw fa-exclamation\"></i> HTTP Numeric IP Host","value":"43"},"alert_name":"<i class=\"fas fa-fw fa-exclamation\"></i> HTTP Numeric IP Host","cli_role":{"label":"Is Attacker","tag_label":"Is Attacker","value":"attacker"},"count":1,"description":"HTTP Numeric IP Host","duration":0,"family":"flow","flow":{"active_url":"/lua/flow_details.lua?flow_key=1824062743&flow_hash_id=264","cli_ip":{"label":"172.16.0.1","reference":"<a href='/lua/host_details.lua?host=172.16.0.1' data-bs-toggle='tooltip' title=''><i class='fas fa-laptop'></i></a>","value":"172.16.0.1"},"cli_port":"56994","historical_url":"/lua/pro/nindex_query.lua?epoch_begin=1499347419&epoch_end=1627656549&cli_ip=172.16.0.1;eq&srv_ip=192.168.10.50;eq&cli_port=56994;eq&srv_port=80;eq&l4proto=TCP;eq","srv_ip":{"label":"205.174.165.68","reference":"<a href='/lua/host_details.lua?host=192.168.10.50' data-bs-toggle='tooltip' title=''><i class='fas fa-laptop'></i></a>","value":"192.168.10.50"},"srv_port":"80"},"l7_proto":{"label":"TCP:HTTP","value":"7"},"msg":{"configset_ref":" <a href=\"/lua/admin/edit_configset.lua?subdir=flow&check=ndpi_http_numeric_ip_host#all\"><i class=\"fas fa-cog\" title=\"Edit Configuration\"></i></a>","description":"","fullname":"HTTP Numeric IP Host","name":"HTTP Numeric IP Host","value":43},"proto":{"label":"TCP","value":"6"},"row_id":"10","score":{"color":"#5cd65c","label":"10","value":10},"script_key":"ndpi_http_numeric_ip_host","severity":{"color":"#5cd65c","label":"<i class='fas fa-fw fa-hand-paper text-primary' style='color: #5cd65c!important' title='Notice'></i> ","value":3},"srv_role":{"label":"Is Victim","tag_label":"Is Victim","value":"victim"},"tstamp":{"highlight":"#5cd65c","label":"16:49:09","value":1627656549},"vlan_id":"0"},{"additional_alerts":"","alert_id":{"label":"<i class=\"fas fa-fw fa-exclamation\"></i> HTTP Numeric IP Host","value":"43"},"alert_name":"<i class=\"fas fa-fw fa-exclamation\"></i> HTTP Numeric IP Host","cli_role":{"label":"Is Attacker","tag_label":"Is Attacker","value":"attacker"},"count":1,"description":"HTTP Numeric IP Host","duration":0,"family":"flow","flow":{"active_url":"/lua/flow_details.lua?flow_key=1824042778&flow_hash_id=303","cli_ip":{"label":"172.16.0.1","reference":"<a href='/lua/host_details.lua?host=172.16.0.1' data-bs-toggle='tooltip' title=''><i class='fas fa-laptop'></i></a>","value":"172.16.0.1"},"cli_port":"57684","historical_url":"/lua/pro/nindex_query.lua?epoch_begin=1499347484&epoch_end=1627656549&cli_ip=172.16.0.1;eq&srv_ip=192.168.10.50;eq&cli_port=57684;eq&srv_port=80;eq&l4proto=TCP;eq","srv_ip":{"label":"205.174.165.68","reference":"<a href='/lua/host_details.lua?host=192.168.10.50' data-bs-toggle='tooltip' title=''><i class='fas fa-laptop'></i></a>","value":"192.168.10.50"},"srv_port":"80"},"l7_proto":{"label":"TCP:HTTP","value":"7"},"msg":{"configset_ref":" <a href=\"/lua/admin/edit_configset.lua?subdir=flow&check=ndpi_http_numeric_ip_host#all\"><i class=\"fas fa-cog\" title=\"Edit Configuration\"></i></a>","description":"","fullname":"HTTP Numeric IP Host","name":"HTTP Numeric IP Host","value":43},"proto":{"label":"TCP","value":"6"},"row_id":"11","score":{"color":"#5cd65c","label":"10","value":10},"script_key":"ndpi_http_numeric_ip_host","severity":{"color":"#5cd65c","label":"<i class='fas fa-fw fa-hand-paper text-primary' style='color: #5cd65c!important' title='Notice'></i> ","value":3},"srv_role":{"label":"Is Victim","tag_label":"Is Victim","value":"victim"},"tstamp":{"highlight":"#5cd65c","label":"16:49:09","value":1627656549},"vlan_id":"0"},{"additional_alerts":"","alert_id":{"label":"<i class=\"fas fa-fw fa-exclamation\"></i> HTTP Numeric IP Host","value":"43"},"alert_name":"<i class=\"fas fa-fw fa-exclamation\"></i> HTTP Numeric IP Host","cli_role":{"label":"Is Attacker","tag_label":"Is Attacker","value":"attacker"},"count":1,"description":"HTTP Numeric IP Host","duration":0,"family":"flow","flow":{"active_url":"/lua/flow_details.lua?flow_key=1824084764&flow_hash_id=341","cli_ip":{"label":"172.16.0.1","reference":"<a href='/lua/host_details.lua?host=172.16.0.1' data-bs-toggle='tooltip' title=''><i class='fas fa-laptop'></i></a>","value":"172.16.0.1"},"cli_port":"58360","historical_url":"/lua/pro/nindex_query.lua?epoch_begin=1499347547&epoch_end=1627656549&cli_ip=172.16.0.1;eq&srv_ip=192.168.10.50;eq&cli_port=58360;eq&srv_port=80;eq&l4proto=TCP;eq","srv_ip":{"label":"205.174.165.68","reference":"<a href='/lua/host_details.lua?host=192.168.10.50' data-bs-toggle='tooltip' title=''><i class='fas fa-laptop'></i></a>","value":"192.168.10.50"},"srv_port":"80"},"l7_proto":{"label":"TCP:HTTP","value":"7"},"msg":{"configset_ref":" <a href=\"/lua/admin/edit_configset.lua?subdir=flow&check=ndpi_http_numeric_ip_host#all\"><i class=\"fas fa-cog\" title=\"Edit Configuration\"></i></a>","description":"","fullname":"HTTP Numeric IP Host","name":"HTTP Numeric IP Host","value":43},"proto":{"label":"TCP","value":"6"},"row_id":"12","score":{"color":"#5cd65c","label":"10","value":10},"script_key":"ndpi_http_numeric_ip_host","severity":{"color":"#5cd65c","label":"<i class='fas fa-fw fa-hand-paper text-primary' style='color: #5cd65c!important' title='Notice'></i> ","value":3},"srv_role":{"label":"Is Victim","tag_label":"Is Victim","value":"victim"},"tstamp":{"highlight":"#5cd65c","label":"16:49:09","value":1627656549},"vlan_id":"0"},{"additional_alerts":"","alert_id":{"label":"<i class=\"fas fa-fw fa-exclamation\"></i> HTTP Numeric IP Host","value":"43"},"alert_name":"<i class=\"fas fa-fw fa-exclamation\"></i> HTTP Numeric IP Host","cli_role":{"label":"Is Attacker","tag_label":"Is Attacker","value":"attacker"},"count":1,"description":"HTTP Numeric IP Host","duration":0,"family":"flow","flow":{"active_url":"/lua/flow_details.lua?flow_key=1824062751&flow_hash_id=379","cli_ip":{"label":"172.16.0.1","reference":"<a href='/lua/host_details.lua?host=172.16.0.1' data-bs-toggle='tooltip' title=''><i class='fas fa-laptop'></i></a>","value":"172.16.0.1"},"cli_port":"59042","historical_url":"/lua/pro/nindex_query.lua?epoch_begin=1499347611&epoch_end=1627656549&cli_ip=172.16.0.1;eq&srv_ip=192.168.10.50;eq&cli_port=59042;eq&srv_port=80;eq&l4proto=TCP;eq","srv_ip":{"label":"205.174.165.68","reference":"<a href='/lua/host_details.lua?host=192.168.10.50' data-bs-toggle='tooltip' title=''><i class='fas fa-laptop'></i></a>","value":"192.168.10.50"},"srv_port":"80"},"l7_proto":{"label":"TCP:HTTP","value":"7"},"msg":{"configset_ref":" <a href=\"/lua/admin/edit_configset.lua?subdir=flow&check=ndpi_http_numeric_ip_host#all\"><i class=\"fas fa-cog\" title=\"Edit Configuration\"></i></a>","description":"","fullname":"HTTP Numeric IP Host","name":"HTTP Numeric IP Host","value":43},"proto":{"label":"TCP","value":"6"},"row_id":"13","score":{"color":"#5cd65c","label":"10","value":10},"script_key":"ndpi_http_numeric_ip_host","severity":{"color":"#5cd65c","label":"<i class='fas fa-fw fa-hand-paper text-primary' style='color: #5cd65c!important' title='Notice'></i> ","value":3},"srv_role":{"label":"Is Victim","tag_label":"Is Victim","value":"victim"},"tstamp":{"highlight":"#5cd65c","label":"16:49:09","value":1627656549},"vlan_id":"0"},{"additional_alerts":"","alert_id":{"label":"<i class=\"fas fa-fw fa-exclamation\"></i> HTTP Numeric IP Host","value":"43"},"alert_name":"<i class=\"fas fa-fw fa-exclamation\"></i> HTTP Numeric IP Host","cli_role":{"label":"Is Attacker","tag_label":"Is Attacker","value":"attacker"},"count":1,"description":"HTTP Numeric IP Host","duration":0,"family":"flow","flow":{"active_url":"/lua/flow_details.lua?flow_key=1824042786&flow_hash_id=418","cli_ip":{"label":"172.16.0.1","reference":"<a href='/lua/host_details.lua?host=172.16.0.1' data-bs-toggle='tooltip' title=''><i class='fas fa-laptop'></i></a>","value":"172.16.0.1"},"cli_port":"59732","historical_url":"/lua/pro/nindex_query.lua?epoch_begin=1499347675&epoch_end=1627656549&cli_ip=172.16.0.1;eq&srv_ip=192.168.10.50;eq&cli_port=59732;eq&srv_port=80;eq&l4proto=TCP;eq","srv_ip":{"label":"205.174.165.68","reference":"<a href='/lua/host_details.lua?host=192.168.10.50' data-bs-toggle='tooltip' title=''><i class='fas fa-laptop'></i></a>","value":"192.168.10.50"},"srv_port":"80"},"l7_proto":{"label":"TCP:HTTP","value":"7"},"msg":{"configset_ref":" <a href=\"/lua/admin/edit_configset.lua?subdir=flow&check=ndpi_http_numeric_ip_host#all\"><i class=\"fas fa-cog\" title=\"Edit Configuration\"></i></a>","description":"","fullname":"HTTP Numeric IP Host","name":"HTTP Numeric IP Host","value":43},"proto":{"label":"TCP","value":"6"},"row_id":"14","score":{"color":"#5cd65c","label":"10","value":10},"script_key":"ndpi_http_numeric_ip_host","severity":{"color":"#5cd65c","label":"<i class='fas fa-fw fa-hand-paper text-primary' style='color: #5cd65c!important' title='Notice'></i> ","value":3},"srv_role":{"label":"Is Victim","tag_label":"Is Victim","value":"victim"},"tstamp":{"highlight":"#5cd65c","label":"16:49:09","value":1627656549},"vlan_id":"0"},{"additional_alerts":"","alert_id":{"label":"<i class=\"fas fa-fw fa-exclamation\"></i> HTTP Numeric IP Host","value":"43"},"alert_name":"<i class=\"fas fa-fw fa-exclamation\"></i> HTTP Numeric IP Host","cli_role":{"label":"Is Attacker","tag_label":"Is Attacker","value":"attacker"},"count":1,"description":"HTTP Numeric IP Host","duration":0,"family":"flow","flow":{"active_url":"/lua/flow_details.lua?flow_key=1824033573&flow_hash_id=457","cli_ip":{"label":"172.16.0.1","reference":"<a href='/lua/host_details.lua?host=172.16.0.1' data-bs-toggle='tooltip' title=''><i class='fas fa-laptop'></i></a>","value":"172.16.0.1"},"cli_port":"60464","historical_url":"/lua/pro/nindex_query.lua?epoch_begin=1499347743&epoch_end=1627656550&cli_ip=172.16.0.1;eq&srv_ip=192.168.10.50;eq&cli_port=60464;eq&srv_port=80;eq&l4proto=TCP;eq","srv_ip":{"label":"205.174.165.68","reference":"<a href='/lua/host_details.lua?host=192.168.10.50' data-bs-toggle='tooltip' title=''><i class='fas fa-laptop'></i></a>","value":"192.168.10.50"},"srv_port":"80"},"l7_proto":{"label":"TCP:HTTP","value":"7"},"msg":{"configset_ref":" <a href=\"/lua/admin/edit_configset.lua?subdir=flow&check=ndpi_http_numeric_ip_host#all\"><i class=\"fas fa-cog\" title=\"Edit Configuration\"></i></a>","description":"","fullname":"HTTP Numeric IP Host","name":"HTTP Numeric IP Host","value":43},"proto":{"label":"TCP","value":"6"},"row_id":"15","score":{"color":"#5cd65c","label":"10","value":10},"script_key":"ndpi_http_numeric_ip_host","severity":{"color":"#5cd65c","label":"<i class='fas fa-fw fa-hand-paper text-primary' style='color: #5cd65c!important' title='Notice'></i> ","value":3},"srv_role":{"label":"Is Victim","tag_label":"Is Victim","value":"victim"},"tstamp":{"highlight":"#5cd65c","label":"16:49:10","value":1627656550},"vlan_id":"0"},{"additional_alerts":"","alert_id":{"label":"<i class=\"fas fa-fw fa-exclamation\"></i> HTTP Numeric IP Host","value":"43"},"alert_name":"<i class=\"fas fa-fw fa-exclamation\"></i> HTTP Numeric IP Host","cli_role":{"label":"Is Attacker","tag_label":"Is Attacker","value":"attacker"},"count":1,"description":"HTTP Numeric IP Host","duration":0,"family":"flow","flow":{"active_url":"/lua/flow_details.lua?flow_key=1824056505&flow_hash_id=494","cli_ip":{"label":"172.16.0.1","reference":"<a href='/lua/host_details.lua?host=172.16.0.1' data-bs-toggle='tooltip' title=''><i class='fas fa-laptop'></i></a>","value":"172.16.0.1"},"cli_port":"32906","historical_url":"/lua/pro/nindex_query.lua?epoch_begin=1499347807&epoch_end=1627656550&cli_ip=172.16.0.1;eq&srv_ip=192.168.10.50;eq&cli_port=32906;eq&srv_port=80;eq&l4proto=TCP;eq","srv_ip":{"label":"205.174.165.68","reference":"<a href='/lua/host_details.lua?host=192.168.10.50' data-bs-toggle='tooltip' title=''><i class='fas fa-laptop'></i></a>","value":"192.168.10.50"},"srv_port":"80"},"l7_proto":{"label":"TCP:HTTP","value":"7"},"msg":{"configset_ref":" <a href=\"/lua/admin/edit_configset.lua?subdir=flow&check=ndpi_http_numeric_ip_host#all\"><i class=\"fas fa-cog\" title=\"Edit Configuration\"></i></a>","description":"","fullname":"HTTP Numeric IP Host","name":"HTTP Numeric IP Host","value":43},"proto":{"label":"TCP","value":"6"},"row_id":"16","score":{"color":"#5cd65c","label":"10","value":10},"script_key":"ndpi_http_numeric_ip_host","severity":{"color":"#5cd65c","label":"<i class='fas fa-fw fa-hand-paper text-primary' style='color: #5cd65c!important' title='Notice'></i> ","value":3},"srv_role":{"label":"Is Victim","tag_label":"Is Victim","value":"victim"},"tstamp":{"highlight":"#5cd65c","label":"16:49:10","value":1627656550},"vlan_id":"0"},{"additional_alerts":"","alert_id":{"label":"<i class=\"fas fa-fw fa-exclamation\"></i> HTTP Numeric IP Host","value":"43"},"alert_name":"<i class=\"fas fa-fw fa-exclamation\"></i> HTTP Numeric IP Host","cli_role":{"label":"Is Attacker","tag_label":"Is Attacker","value":"attacker"},"count":1,"description":"HTTP Numeric IP Host","duration":0,"family":"flow","flow":{"active_url":"/lua/flow_details.lua?flow_key=1824080062&flow_hash_id=568","cli_ip":{"label":"172.16.0.1","reference":"<a href='/lua/host_details.lua?host=172.16.0.1' data-bs-toggle='tooltip' title=''><i class='fas fa-laptop'></i></a>","value":"172.16.0.1"},"cli_port":"34278","historical_url":"/lua/pro/nindex_query.lua?epoch_begin=1499347939&epoch_end=1627656550&cli_ip=172.16.0.1;eq&srv_ip=192.168.10.50;eq&cli_port=34278;eq&srv_port=80;eq&l4proto=TCP;eq","srv_ip":{"label":"205.174.165.68","reference":"<a href='/lua/host_details.lua?host=192.168.10.50' data-bs-toggle='tooltip' title=''><i class='fas fa-laptop'></i></a>","value":"192.168.10.50"},"srv_port":"80"},"l7_proto":{"label":"TCP:HTTP","value":"7"},"msg":{"configset_ref":" <a href=\"/lua/admin/edit_configset.lua?subdir=flow&check=ndpi_http_numeric_ip_host#all\"><i class=\"fas fa-cog\" title=\"Edit Configuration\"></i></a>","description":"","fullname":"HTTP Numeric IP Host","name":"HTTP Numeric IP Host","value":43},"proto":{"label":"TCP","value":"6"},"row_id":"17","score":{"color":"#5cd65c","label":"10","value":10},"script_key":"ndpi_http_numeric_ip_host","severity":{"color":"#5cd65c","label":"<i class='fas fa-fw fa-hand-paper text-primary' style='color: #5cd65c!important' title='Notice'></i> ","value":3},"srv_role":{"label":"Is Victim","tag_label":"Is Victim","value":"victim"},"tstamp":{"highlight":"#5cd65c","label":"16:49:10","value":1627656550},"vlan_id":"0"},{"additional_alerts":"","alert_id":{"label":"<i class=\"fas fa-fw fa-exclamation\"></i> HTTP Numeric IP Host","value":"43"},"alert_name":"<i class=\"fas fa-fw fa-exclamation\"></i> HTTP Numeric IP Host","cli_role":{"label":"Is Attacker","tag_label":"Is Attacker","value":"attacker"},"count":1,"description":"HTTP Numeric IP Host","duration":0,"family":"flow","flow":{"active_url":"/lua/flow_details.lua?flow_key=1824031940&flow_hash_id=642","cli_ip":{"label":"172.16.0.1","reference":"<a href='/lua/host_details.lua?host=172.16.0.1' data-bs-toggle='tooltip' title=''><i class='fas fa-laptop'></i></a>","value":"172.16.0.1"},"cli_port":"35626","historical_url":"/lua/pro/nindex_query.lua?epoch_begin=1499348068&epoch_end=1627656551&cli_ip=172.16.0.1;eq&srv_ip=192.168.10.50;eq&cli_port=35626;eq&srv_port=80;eq&l4proto=TCP;eq","srv_ip":{"label":"205.174.165.68","reference":"<a href='/lua/host_details.lua?host=192.168.10.50' data-bs-toggle='tooltip' title=''><i class='fas fa-laptop'></i></a>","value":"192.168.10.50"},"srv_port":"80"},"l7_proto":{"label":"TCP:HTTP","value":"7"},"msg":{"configset_ref":" <a href=\"/lua/admin/edit_configset.lua?subdir=flow&check=ndpi_http_numeric_ip_host#all\"><i class=\"fas fa-cog\" title=\"Edit Configuration\"></i></a>","description":"","fullname":"HTTP Numeric IP Host","name":"HTTP Numeric IP Host","value":43},"proto":{"label":"TCP","value":"6"},"row_id":"18","score":{"color":"#5cd65c","label":"10","value":10},"script_key":"ndpi_http_numeric_ip_host","severity":{"color":"#5cd65c","label":"<i class='fas fa-fw fa-hand-paper text-primary' style='color: #5cd65c!important' title='Notice'></i> ","value":3},"srv_role":{"label":"Is Victim","tag_label":"Is Victim","value":"victim"},"tstamp":{"highlight":"#5cd65c","label":"16:49:11","value":1627656551},"vlan_id":"0"}]}}
