{"success":true}
{"rc":0,"rc_str":"OK","rc_str_hr":"Success","recordsFiltered":6,"recordsTotal":6,"rsp":{"records":[{"additional_alerts":"Remote to Remote [Score: 10]","alert_id":{"label":"<i class=\"fab fa-bitcoin\"></i> Web Mining","value":"27"},"alert_name":"<i class=\"fab fa-bitcoin\"></i> Web Mining","count":1,"description":"Web Mining","duration":0,"family":"flow","flow":{"active_url":"/lua/flow_details.lua?flow_key=2102295093&flow_hash_id=0","cli_ip":{"label":"192.168.1.142","reference":"<a href='/lua/host_details.lua?host=192.168.1.142' data-bs-toggle='tooltip' title=''><i class='fas fa-laptop'></i></a>","value":"192.168.1.142"},"cli_port":"55317","historical_url":"/lua/pro/nindex_query.lua?epoch_begin=1301327937&epoch_end=1627656664&cli_ip=192.168.1.142;eq&srv_ip=188.165.213.169;eq&cli_port=55317;eq&srv_port=8333;eq&l4proto=TCP;eq","srv_ip":{"label":"188.165.213.169","reference":"<a href='/lua/host_details.lua?host=188.165.213.169' data-bs-toggle='tooltip' title=''><i class='fas fa-laptop'></i></a>","value":"188.165.213.169"},"srv_port":"8333"},"l7_proto":{"label":"TCP:Mining","value":"42"},"msg":{"configset_ref":" <a href=\"/lua/admin/edit_configset.lua?subdir=flow&check=web_mining#all\"><i class=\"fas fa-cog\" title=\"Edit Configuration\"></i></a>","description":"","fullname":"Web Mining","name":"Web Mining","value":27},"proto":{"label":"TCP","value":"6"},"row_id":"1","score":{"color":"#ffc007","label":"60","value":60},"script_key":"web_mining","severity":{"color":"#ffc007","label":"<i class='fas fa-fw fa-exclamation-triangle text-warning' style='color: #ffc007!important' title='Warning'></i> ","value":4},"tstamp":{"highlight":"#ffc007","label":"16:51:04","value":1627656664},"vlan_id":"0"},{"additional_alerts":"Remote to Remote [Score: 10]","alert_id":{"label":"<i class=\"fab fa-bitcoin\"></i> Web Mining","value":"27"},"alert_name":"<i class=\"fab fa-bitcoin\"></i> Web Mining","count":1,"description":"Web Mining","duration":0,"family":"flow","flow":{"active_url":"/lua/flow_details.lua?flow_key=102688262&flow_hash_id=1","cli_ip":{"label":"192.168.1.142","reference":"<a href='/lua/host_details.lua?host=192.168.1.142' data-bs-toggle='tooltip' title=''><i class='fas fa-laptop'></i></a>","value":"192.168.1.142"},"cli_port":"55328","historical_url":"/lua/pro/nindex_query.lua?epoch_begin=1301328089&epoch_end=1627656664&cli_ip=192.168.1.142;eq&srv_ip=69.118.54.122;eq&cli_port=55328;eq&srv_port=8333;eq&l4proto=TCP;eq","srv_ip":{"label":"69.118.54.122","reference":"<a href='/lua/host_details.lua?host=69.118.54.122' data-bs-toggle='tooltip' title=''><i class='fas fa-laptop'></i></a>","value":"69.118.54.122"},"srv_port":"8333"},"l7_proto":{"label":"TCP:Mining","value":"42"},"msg":{"configset_ref":" <a href=\"/lua/admin/edit_configset.lua?subdir=flow&check=web_mining#all\"><i class=\"fas fa-cog\" title=\"Edit Configuration\"></i></a>","description":"","fullname":"Web Mining","name":"Web Mining","value":27},"proto":{"label":"TCP","value":"6"},"row_id":"2","score":{"color":"#ffc007","label":"60","value":60},"script_key":"web_mining","severity":{"color":"#ffc007","label":"<i class='fas fa-fw fa-exclamation-triangle text-warning' style='color: #ffc007!important' title='Warning'></i> ","value":4},"tstamp":{"highlight":"#ffc007","label":"16:51:04","value":1627656664},"vlan_id":"0"},{"additional_alerts":"Remote to Remote [Score: 10]","alert_id":{"label":"<i class=\"fab fa-bitcoin\"></i> Web Mining","value":"27"},"alert_name":"<i class=\"fab fa-bitcoin\"></i> Web Mining","count":1,"description":"Web Mining","duration":0,"family":"flow","flow":{"active_url":"/lua/flow_details.lua?flow_key=184711537&flow_hash_id=2","cli_ip":{"label":"192.168.1.142","reference":"<a href='/lua/host_details.lua?host=192.168.1.142' data-bs-toggle='tooltip' title=''><i class='fas fa-laptop'></i></a>","value":"192.168.1.142"},"cli_port":"55348","historical_url":"/lua/pro/nindex_query.lua?epoch_begin=1301328319&epoch_end=1627656664&cli_ip=192.168.1.142;eq&srv_ip=74.89.181.229;eq&cli_port=55348;eq&srv_port=8333;eq&l4proto=TCP;eq","srv_ip":{"label":"74.89.181.229","reference":"<a href='/lua/host_details.lua?host=74.89.181.229' data-bs-toggle='tooltip' title=''><i class='fas fa-laptop'></i></a>","value":"74.89.181.229"},"srv_port":"8333"},"l7_proto":{"label":"TCP:Mining","value":"42"},"msg":{"configset_ref":" <a href=\"/lua/admin/edit_configset.lua?subdir=flow&check=web_mining#all\"><i class=\"fas fa-cog\" title=\"Edit Configuration\"></i></a>","description":"","fullname":"Web Mining","name":"Web Mining","value":27},"proto":{"label":"TCP","value":"6"},"row_id":"3","score":{"color":"#ffc007","label":"60","value":60},"script_key":"web_mining","severity":{"color":"#ffc007","label":"<i class='fas fa-fw fa-exclamation-triangle text-warning' style='color: #ffc007!important' title='Warning'></i> ","value":4},"tstamp":{"highlight":"#ffc007","label":"16:51:04","value":1627656664},"vlan_id":"0"},{"additional_alerts":"Remote to Remote [Score: 10]","alert_id":{"label":"<i class=\"fab fa-bitcoin\"></i> Web Mining","value":"27"},"alert_name":"<i class=\"fab fa-bitcoin\"></i> Web Mining","count":1,"description":"Web Mining","duration":0,"family":"flow","flow":{"active_url":"/lua/flow_details.lua?flow_key=49101218&flow_hash_id=3","cli_ip":{"label":"192.168.1.142","reference":"<a href='/lua/host_details.lua?host=192.168.1.142' data-bs-toggle='tooltip' title=''><i class='fas fa-laptop'></i></a>","value":"192.168.1.142"},"cli_port":"55383","historical_url":"/lua/pro/nindex_query.lua?epoch_begin=1301328472&epoch_end=1627656664&cli_ip=192.168.1.142;eq&srv_ip=66.68.83.22;eq&cli_port=55383;eq&srv_port=8333;eq&l4proto=TCP;eq","srv_ip":{"label":"66.68.83.22","reference":"<a href='/lua/host_details.lua?host=66.68.83.22' data-bs-toggle='tooltip' title=''><i class='fas fa-laptop'></i></a>","value":"66.68.83.22"},"srv_port":"8333"},"l7_proto":{"label":"TCP:Mining","value":"42"},"msg":{"configset_ref":" <a href=\"/lua/admin/edit_configset.lua?subdir=flow&check=web_mining#all\"><i class=\"fas fa-cog\" title=\"Edit Configuration\"></i></a>","description":"","fullname":"Web Mining","name":"Web Mining","value":27},"proto":{"label":"TCP","value":"6"},"row_id":"4","score":{"color":"#ffc007","label":"60","value":60},"script_key":"web_mining","severity":{"color":"#ffc007","label":"<i class='fas fa-fw fa-exclamation-triangle text-warning' style='color: #ffc007!important' title='Warning'></i> ","value":4},"tstamp":{"highlight":"#ffc007","label":"16:51:04","value":1627656664},"vlan_id":"0"},{"additional_alerts":"Remote to Remote [Score: 10]","alert_id":{"label":"<i class=\"fab fa-bitcoin\"></i> Web Mining","value":"27"},"alert_name":"<i class=\"fab fa-bitcoin\"></i> Web Mining","count":1,"description":"Web Mining","duration":0,"family":"flow","flow":{"active_url":"/lua/flow_details.lua?flow_key=2223179838&flow_hash_id=4","cli_ip":{"label":"192.168.1.142","reference":"<a href='/lua/host_details.lua?host=192.168.1.142' data-bs-toggle='tooltip' title=''><i class='fas fa-laptop'></i></a>","value":"192.168.1.142"},"cli_port":"55400","historical_url":"/lua/pro/nindex_query.lua?epoch_begin=1301328699&epoch_end=1627656664&cli_ip=192.168.1.142;eq&srv_ip=195.218.16.178;eq&cli_port=55400;eq&srv_port=8333;eq&l4proto=TCP;eq","srv_ip":{"label":"195.218.16.178","reference":"<a href='/lua/host_details.lua?host=195.218.16.178' data-bs-toggle='tooltip' title=''><i class='fas fa-laptop'></i></a>","value":"195.218.16.178"},"srv_port":"8333"},"l7_proto":{"label":"TCP:Mining","value":"42"},"msg":{"configset_ref":" <a href=\"/lua/admin/edit_configset.lua?subdir=flow&check=web_mining#all\"><i class=\"fas fa-cog\" title=\"Edit Configuration\"></i></a>","description":"","fullname":"Web Mining","name":"Web Mining","value":27},"proto":{"label":"TCP","value":"6"},"row_id":"5","score":{"color":"#ffc007","label":"60","value":60},"script_key":"web_mining","severity":{"color":"#ffc007","label":"<i class='fas fa-fw fa-exclamation-triangle text-warning' style='color: #ffc007!important' title='Warning'></i> ","value":4},"tstamp":{"highlight":"#ffc007","label":"16:51:04","value":1627656664},"vlan_id":"0"},{"additional_alerts":"Remote to Remote [Score: 10]","alert_id":{"label":"<i class=\"fab fa-bitcoin\"></i> Web Mining","value":"27"},"alert_name":"<i class=\"fab fa-bitcoin\"></i> Web Mining","count":1,"description":"Web Mining","duration":0,"family":"flow","flow":{"active_url":"/lua/flow_details.lua?flow_key=2028205059&flow_hash_id=5","cli_ip":{"label":"192.168.1.142","reference":"<a href='/lua/host_details.lua?host=192.168.1.142' data-bs-toggle='tooltip' title=''><i class='fas fa-laptop'></i></a>","value":"192.168.1.142"},"cli_port":"55487","historical_url":"/lua/pro/nindex_query.lua?epoch_begin=1301329304&epoch_end=1627656665&cli_ip=192.168.1.142;eq&srv_ip=184.58.165.119;eq&cli_port=55487;eq&srv_port=8333;eq&l4proto=TCP;eq","srv_ip":{"label":"184.58.165.119","reference":"<a href='/lua/host_details.lua?host=184.58.165.119' data-bs-toggle='tooltip' title=''><i class='fas fa-laptop'></i></a>","value":"184.58.165.119"},"srv_port":"8333"},"l7_proto":{"label":"TCP:Mining","value":"42"},"msg":{"configset_ref":" <a href=\"/lua/admin/edit_configset.lua?subdir=flow&check=web_mining#all\"><i class=\"fas fa-cog\" title=\"Edit Configuration\"></i></a>","description":"","fullname":"Web Mining","name":"Web Mining","value":27},"proto":{"label":"TCP","value":"6"},"row_id":"6","score":{"color":"#ffc007","label":"60","value":60},"script_key":"web_mining","severity":{"color":"#ffc007","label":"<i class='fas fa-fw fa-exclamation-triangle text-warning' style='color: #ffc007!important' title='Warning'></i> ","value":4},"tstamp":{"highlight":"#ffc007","label":"16:51:05","value":1627656665},"vlan_id":"0"}]}}
