{"success":true}
{"rc":0,"rc_str":"OK","rc_str_hr":"Success","recordsFiltered":1,"recordsTotal":1,"rsp":{"records":[{"additional_alerts":"TLS Certificate Self-signed [Score: 50], Application on Non-Standard Port [Score: 10]","alert_id":{"label":"<i class=\"fas fa-fw fa-exclamation\"></i> TLS Certificate Expired","value":"22"},"alert_name":"<i class=\"fas fa-fw fa-exclamation\"></i> TLS Certificate Expired","count":1,"description":"TLS Certificate Expired","duration":0,"family":"flow","flow":{"active_url":"/lua/flow_details.lua?flow_key=4261499100&flow_hash_id=0","cli_ip":{"label":"localhost","reference":"<a href='/lua/host_details.lua?host=127.0.0.1' data-bs-toggle='tooltip' title=''><i class='fas fa-laptop'></i></a>","value":"127.0.0.1"},"cli_port":"51607","historical_url":"/lua/pro/nindex_query.lua?epoch_begin=1588921646&epoch_end=1627656633&cli_ip=127.0.0.1;eq&srv_ip=127.0.0.1;eq&cli_port=51607;eq&srv_port=3001;eq&l4proto=TCP;eq","srv_ip":{"label":"localhost","reference":"<a href='/lua/host_details.lua?host=127.0.0.1' data-bs-toggle='tooltip' title=''><i class='fas fa-laptop'></i></a>","value":"127.0.0.1"},"srv_port":"3001"},"l7_proto":{"label":"TCP:TLS.ntop","value":"26"},"msg":{"configset_ref":" <a href=\"/lua/admin/edit_configset.lua?subdir=flow&check=tls_certificate_expired#all\"><i class=\"fas fa-cog\" title=\"Edit Configuration\"></i></a>","description":"","fullname":"TLS Certificate Expired","name":"TLS Certificate Expired","value":22},"proto":{"label":"TCP","value":"6"},"row_id":"1","score":{"color":"#ff3231","label":"160","value":160},"script_key":"tls_certificate_expired","severity":{"color":"#ff3231","label":"<i class='fas fa-fw fa-exclamation-triangle text-danger' style='color: #ff3231!important' title='Error'></i> ","value":5},"tstamp":{"highlight":"#ff3231","label":"16:50:33","value":1627656633},"vlan_id":"0"}]}}
