{"success":true}
{"rc":0,"rc_str":"OK","rc_str_hr":"Success","recordsFiltered":1,"recordsTotal":1,"rsp":{"records":[{"additional_alerts":"Invalid DNS query [Score: 10], Remote to Remote [Score: 10]","alert_id":{"label":"<i class=\"fas fa-fw fa-exclamation\"></i> Unexpected DNS server fo…","value":"33"},"alert_name":"<i class=\"fas fa-fw fa-exclamation\"></i> Unexpected DNS server fo…","cli_role":{"label":"Is Attacker","tag_label":"Is Attacker","value":"attacker"},"count":1,"description":"Unexpected DNS server found: 9.9.9.9","duration":0,"family":"flow","flow":{"active_url":"/lua/flow_details.lua?flow_key=3383892960&flow_hash_id=0","cli_ip":{"label":"192.168.2.222","reference":"<a href='/lua/host_details.lua?host=192.168.2.222' data-bs-toggle='tooltip' title=''><i class='fas fa-laptop'></i></a>","value":"192.168.2.222"},"cli_port":"59610","historical_url":"/lua/pro/nindex_query.lua?epoch_begin=1613488852&epoch_end=1627656489&cli_ip=192.168.2.222;eq&srv_ip=9.9.9.9;eq&cli_port=59610;eq&srv_port=53;eq&l4proto=UDP;eq","srv_ip":{"label":"9.9.9.9","reference":"<a href='/lua/host_details.lua?host=9.9.9.9' data-bs-toggle='tooltip' title=''><i class='fas fa-laptop'></i></a>","value":"9.9.9.9"},"srv_port":"53"},"l7_proto":{"label":"UDP:DNS.Google","value":"126"},"msg":{"configset_ref":" <a href=\"/lua/admin/edit_configset.lua?subdir=flow&check=unexpected_dns#all\"><i class=\"fas fa-cog\" title=\"Edit Configuration\"></i></a>","description":"Unexpected DNS server found: 9.9.9.9","fullname":"Unexpected DNS server found","name":"Unexpected DNS server fo…","value":33},"proto":{"label":"UDP","value":"17"},"row_id":"1","score":{"color":"#ff3231","label":"120","value":120},"script_key":"unexpected_dns","severity":{"color":"#ff3231","label":"<i class='fas fa-fw fa-exclamation-triangle text-danger' style='color: #ff3231!important' title='Error'></i> ","value":5},"tstamp":{"highlight":"#ff3231","label":"16:48:09","value":1627656489},"vlan_id":"0"}]}}
