{"success":true}
{"rc":0,"rc_str":"OK","rc_str_hr":"Success","rsp":[]}
{"rc":0,"rc_str":"OK","rc_str_hr":"Success","recordsFiltered":3,"recordsTotal":3,"rsp":{"records":[{"additional_alerts":"Remote to Remote [Score: 10]","alert_id":{"label":"<i class=\"fas fa-fw fa-exclamation\"></i> Unexpected DNS server fo…","value":"33"},"alert_name":"<i class=\"fas fa-fw fa-exclamation\"></i> Unexpected DNS server fo…","cli_role":{"label":"Is Attacker","tag_label":"Is Attacker","value":"attacker"},"count":1,"description":"Unexpected DNS server found: 4.2.2.4","duration":0,"family":"flow","flow":{"active_url":"/lua/flow_details.lua?flow_key=3299533052&flow_hash_id=0","cli_ip":{"label":"192.168.43.91","reference":"<a href='/lua/host_details.lua?host=192.168.43.91' data-bs-toggle='tooltip' title=''><i class='fas fa-laptop'></i></a>","value":"192.168.43.91"},"cli_port":"35966","historical_url":"/lua/pro/nindex_query.lua?epoch_begin=1486012623&epoch_end=1627656534&cli_ip=192.168.43.91;eq&srv_ip=4.2.2.4;eq&cli_port=35966;eq&srv_port=53;eq&l4proto=UDP;eq","srv_ip":{"label":"4.2.2.4","reference":"<a href='/lua/host_details.lua?host=4.2.2.4' data-bs-toggle='tooltip' title=''><i class='fas fa-laptop'></i></a>","value":"4.2.2.4"},"srv_port":"53"},"l7_proto":{"label":"UDP:DNS","value":"5"},"msg":{"configset_ref":" <a href=\"/lua/admin/edit_configset.lua?subdir=flow&check=unexpected_dns#all\"><i class=\"fas fa-cog\" title=\"Edit Configuration\"></i></a>","description":"Unexpected DNS server found: 4.2.2.4","fullname":"Unexpected DNS server found","name":"Unexpected DNS server fo…","value":33},"proto":{"label":"UDP","value":"17"},"row_id":"1","score":{"color":"#ff3231","label":"110","value":110},"script_key":"unexpected_dns","severity":{"color":"#ff3231","label":"<i class='fas fa-fw fa-exclamation-triangle text-danger' style='color: #ff3231!important' title='Error'></i> ","value":5},"tstamp":{"highlight":"#ff3231","label":"16:48:54","value":1627656534},"vlan_id":"0"},{"additional_alerts":"Remote to Remote [Score: 10]","alert_id":{"label":"<i class=\"fas fa-fw fa-exclamation\"></i> Unexpected DNS server fo…","value":"33"},"alert_name":"<i class=\"fas fa-fw fa-exclamation\"></i> Unexpected DNS server fo…","cli_role":{"label":"Is Attacker","tag_label":"Is Attacker","value":"attacker"},"count":1,"description":"Unexpected DNS server found: 4.2.2.4","duration":0,"family":"flow","flow":{"active_url":"/lua/flow_details.lua?flow_key=3299529767&flow_hash_id=2","cli_ip":{"label":"192.168.43.91","reference":"<a href='/lua/host_details.lua?host=192.168.43.91' data-bs-toggle='tooltip' title=''><i class='fas fa-laptop'></i></a>","value":"192.168.43.91"},"cli_port":"46961","historical_url":"/lua/pro/nindex_query.lua?epoch_begin=1486012730&epoch_end=1627656534&cli_ip=192.168.43.91;eq&srv_ip=4.2.2.4;eq&cli_port=46961;eq&srv_port=53;eq&l4proto=UDP;eq","srv_ip":{"label":"4.2.2.4","reference":"<a href='/lua/host_details.lua?host=4.2.2.4' data-bs-toggle='tooltip' title=''><i class='fas fa-laptop'></i></a>","value":"4.2.2.4"},"srv_port":"53"},"l7_proto":{"label":"UDP:DNS","value":"5"},"msg":{"configset_ref":" <a href=\"/lua/admin/edit_configset.lua?subdir=flow&check=unexpected_dns#all\"><i class=\"fas fa-cog\" title=\"Edit Configuration\"></i></a>","description":"Unexpected DNS server found: 4.2.2.4","fullname":"Unexpected DNS server found","name":"Unexpected DNS server fo…","value":33},"proto":{"label":"UDP","value":"17"},"row_id":"2","score":{"color":"#ff3231","label":"110","value":110},"script_key":"unexpected_dns","severity":{"color":"#ff3231","label":"<i class='fas fa-fw fa-exclamation-triangle text-danger' style='color: #ff3231!important' title='Error'></i> ","value":5},"tstamp":{"highlight":"#ff3231","label":"16:48:54","value":1627656534},"vlan_id":"0"},{"additional_alerts":"Remote to Remote [Score: 10]","alert_id":{"label":"<i class=\"fas fa-fw fa-exclamation\"></i> Unexpected DNS server fo…","value":"33"},"alert_name":"<i class=\"fas fa-fw fa-exclamation\"></i> Unexpected DNS server fo…","cli_role":{"label":"Is Attacker","tag_label":"Is Attacker","value":"attacker"},"count":1,"description":"Unexpected DNS server found: 4.2.2.4","duration":0,"family":"flow","flow":{"active_url":"/lua/flow_details.lua?flow_key=3299509580&flow_hash_id=1","cli_ip":{"label":"192.168.43.91","reference":"<a href='/lua/host_details.lua?host=192.168.43.91' data-bs-toggle='tooltip' title=''><i class='fas fa-laptop'></i></a>","value":"192.168.43.91"},"cli_port":"56354","historical_url":"/lua/pro/nindex_query.lua?epoch_begin=1486012635&epoch_end=1627656534&cli_ip=192.168.43.91;eq&srv_ip=4.2.2.4;eq&cli_port=56354;eq&srv_port=53;eq&l4proto=UDP;eq","srv_ip":{"label":"4.2.2.4","reference":"<a href='/lua/host_details.lua?host=4.2.2.4' data-bs-toggle='tooltip' title=''><i class='fas fa-laptop'></i></a>","value":"4.2.2.4"},"srv_port":"53"},"l7_proto":{"label":"UDP:DNS","value":"5"},"msg":{"configset_ref":" <a href=\"/lua/admin/edit_configset.lua?subdir=flow&check=unexpected_dns#all\"><i class=\"fas fa-cog\" title=\"Edit Configuration\"></i></a>","description":"Unexpected DNS server found: 4.2.2.4","fullname":"Unexpected DNS server found","name":"Unexpected DNS server fo…","value":33},"proto":{"label":"UDP","value":"17"},"row_id":"3","score":{"color":"#ff3231","label":"110","value":110},"script_key":"unexpected_dns","severity":{"color":"#ff3231","label":"<i class='fas fa-fw fa-exclamation-triangle text-danger' style='color: #ff3231!important' title='Error'></i> ","value":5},"tstamp":{"highlight":"#ff3231","label":"16:48:54","value":1627656534},"vlan_id":"0"}]}}
