{"success":true}
{"rc":0,"rc_str":"OK","rc_str_hr":"Success","recordsFiltered":1,"recordsTotal":1,"rsp":{"records":[{"additional_alerts":"","alert_id":{"label":"<i class=\"fas fa-fw fa-exclamation\"></i> Malformed packet","value":"48"},"alert_name":"<i class=\"fas fa-fw fa-exclamation\"></i> Malformed packet","count":1,"description":"Malformed packet","duration":0,"family":"flow","flow":{"active_url":"/lua/flow_details.lua?flow_key=4261427416&flow_hash_id=0","cli_ip":{"label":"localhost","reference":"<a href='/lua/host_details.lua?host=127.0.0.1' data-bs-toggle='tooltip' title=''><i class='fas fa-laptop'></i></a>","value":"127.0.0.1"},"cli_port":"50435","historical_url":"/lua/pro/nindex_query.lua?epoch_begin=1591551760&epoch_end=1627656703&cli_ip=127.0.0.1;eq&srv_ip=127.0.0.1;eq&cli_port=50435;eq&srv_port=53;eq&l4proto=UDP;eq","srv_ip":{"label":"localhost","reference":"<a href='/lua/host_details.lua?host=127.0.0.1' data-bs-toggle='tooltip' title=''><i class='fas fa-laptop'></i></a>","value":"127.0.0.1"},"srv_port":"53"},"l7_proto":{"label":"UDP:DNS","value":"5"},"msg":{"configset_ref":" <a href=\"/lua/admin/edit_configset.lua?subdir=flow&check=ndpi_malformed_packet#all\"><i class=\"fas fa-cog\" title=\"Edit Configuration\"></i></a>","description":"","fullname":"Malformed packet","name":"Malformed packet","value":48},"proto":{"label":"UDP","value":"17"},"row_id":"1","score":{"color":"#5cd65c","label":"10","value":10},"script_key":"ndpi_malformed_packet","severity":{"color":"#5cd65c","label":"<i class='fas fa-fw fa-hand-paper text-primary' style='color: #5cd65c!important' title='Notice'></i> ","value":3},"tstamp":{"highlight":"#5cd65c","label":"16:51:43","value":1627656703},"vlan_id":"0"}]}}
