{"success":true}
{"rc":0,"rc_str":"OK","rc_str_hr":"Success","rsp":{"success":true}}
{"rc":0,"rc_str":"OK","rc_str_hr":"Success","recordsFiltered":1,"recordsTotal":1,"rsp":{"records":[{"additional_alerts":"","alert_id":{"label":"<i class=\"fas fa-fw fa-exclamation\"></i> Invalid DNS query","value":"7"},"alert_name":"<i class=\"fas fa-fw fa-exclamation\"></i> Invalid DNS query","cli_role":{"label":"Is Attacker","tag_label":"Is Attacker","value":"attacker"},"count":1,"description":"Invalid DNS query","duration":0,"family":"flow","flow":{"active_url":"/lua/flow_details.lua?flow_key=3383892960&flow_hash_id=0","cli_ip":{"label":"devel","reference":"<a href='/lua/host_details.lua?host=192.168.2.222' data-bs-toggle='tooltip' title=''><i class='fas fa-laptop'></i></a>","value":"192.168.2.222"},"cli_port":"59610","historical_url":"/lua/pro/nindex_query.lua?epoch_begin=1613488852&epoch_end=1627657389&cli_ip=192.168.2.222;eq&srv_ip=9.9.9.9;eq&cli_port=59610;eq&srv_port=53;eq&l4proto=UDP;eq","srv_ip":{"label":"9.9.9.9","reference":"<a href='/lua/host_details.lua?host=9.9.9.9' data-bs-toggle='tooltip' title=''><i class='fas fa-laptop'></i></a>","value":"9.9.9.9"},"srv_port":"53"},"l7_proto":{"label":"UDP:DNS.Google","value":"126"},"msg":{"configset_ref":" <a href=\"/lua/admin/edit_configset.lua?subdir=flow&check=invalid_dns_query#all\"><i class=\"fas fa-cog\" title=\"Edit Configuration\"></i></a>","description":"","fullname":"Invalid DNS query","name":"Invalid DNS query","value":7},"proto":{"label":"UDP","value":"17"},"row_id":"1","score":{"color":"#5cd65c","label":"10","value":10},"script_key":"invalid_dns_query","severity":{"color":"#5cd65c","label":"<i class='fas fa-fw fa-hand-paper text-primary' style='color: #5cd65c!important' title='Notice'></i> ","value":3},"tstamp":{"highlight":"#5cd65c","label":"17:03:09","value":1627657389},"vlan_id":"0"}]}}
