{"success":true}
{"rc":0,"rc_str":"OK","rc_str_hr":"Success","recordsFiltered":10,"recordsTotal":10,"rsp":{"records":[{"additional_alerts":"Obsolete TLS Version [Score: 50], Remote Access [Score: 10], Remote to Remote [Score: 10], Unsafe Protocol [Score: 10]","alert_id":{"label":"<i class=\"fas fa-fw fa-exclamation\"></i> Suspicious DGA Domain","value":"47"},"alert_name":"<i class=\"fas fa-fw fa-exclamation\"></i> Suspicious DGA Domain","cli_role":{"label":"Is Attacker","tag_label":"Is Attacker","value":"attacker"},"count":1,"description":"Suspicious DGA Domain [www.e6r5p57kbafwrxj3plz.com]","duration":0,"family":"flow","flow":{"active_url":"/lua/flow_details.lua?flow_key=4007958761&flow_hash_id=1","cli_ip":{"label":"192.168.1.252","reference":"<a href='/lua/host_details.lua?host=192.168.1.252' data-bs-toggle='tooltip' title=''><i class='fas fa-laptop'></i></a>","value":"192.168.1.252"},"cli_port":"51111","historical_url":"/lua/pro/nindex_query.lua?epoch_begin=1383821666&epoch_end=1627657529&cli_ip=192.168.1.252;eq&srv_ip=46.59.52.31;eq&cli_port=51111;eq&srv_port=443;eq&l4proto=TCP;eq","srv_ip":{"label":"www.e6r5p57kbafwrxj3plz.…","reference":"<a href='/lua/host_details.lua?host=46.59.52.31' data-bs-toggle='tooltip' title=''><i class='fas fa-laptop'></i></a>","value":"46.59.52.31"},"srv_port":"443"},"l7_proto":{"label":"TCP:TLS.Tor","value":"163"},"msg":{"configset_ref":" <a href=\"/lua/admin/edit_configset.lua?subdir=flow&check=ndpi_suspicious_dga_domain#all\"><i class=\"fas fa-cog\" title=\"Edit Configuration\"></i></a>","description":"Suspicious DGA Domain [www.e6r5p57kbafwrxj3plz.com]","fullname":"Suspicious DGA Domain","name":"Suspicious DGA Domain","value":47},"proto":{"label":"TCP","value":"6"},"row_id":"1","score":{"color":"#ff3231","label":"180","value":180},"script_key":"ndpi_suspicious_dga_domain","severity":{"color":"#ff3231","label":"<i class='fas fa-fw fa-exclamation-triangle text-danger' style='color: #ff3231!important' title='Error'></i> ","value":5},"tstamp":{"highlight":"#ff3231","label":"17:05:29","value":1627657529},"vlan_id":"0"},{"additional_alerts":"Obsolete TLS Version [Score: 50], Remote Access [Score: 10], Remote to Remote [Score: 10], Unsafe Protocol [Score: 10]","alert_id":{"label":"<i class=\"fas fa-fw fa-exclamation\"></i> Suspicious DGA Domain","value":"47"},"alert_name":"<i class=\"fas fa-fw fa-exclamation\"></i> Suspicious DGA Domain","cli_role":{"label":"Is Attacker","tag_label":"Is Attacker","value":"attacker"},"count":1,"description":"Suspicious DGA Domain [www.q4cyamnc6mtokjurvdclt.com]","duration":0,"family":"flow","flow":{"active_url":"/lua/flow_details.lua?flow_key=3884887039&flow_hash_id=2","cli_ip":{"label":"192.168.1.252","reference":"<a href='/lua/host_details.lua?host=192.168.1.252' data-bs-toggle='tooltip' title=''><i class='fas fa-laptop'></i></a>","value":"192.168.1.252"},"cli_port":"51112","historical_url":"/lua/pro/nindex_query.lua?epoch_begin=1383821668&epoch_end=1627657529&cli_ip=192.168.1.252;eq&srv_ip=38.229.70.53;eq&cli_port=51112;eq&srv_port=443;eq&l4proto=TCP;eq","srv_ip":{"label":"www.q4cyamnc6mtokjurvdcl…","reference":"<a href='/lua/host_details.lua?host=38.229.70.53' data-bs-toggle='tooltip' title=''><i class='fas fa-laptop'></i></a>","value":"38.229.70.53"},"srv_port":"443"},"l7_proto":{"label":"TCP:TLS.Tor","value":"163"},"msg":{"configset_ref":" <a href=\"/lua/admin/edit_configset.lua?subdir=flow&check=ndpi_suspicious_dga_domain#all\"><i class=\"fas fa-cog\" title=\"Edit Configuration\"></i></a>","description":"Suspicious DGA Domain [www.q4cyamnc6mtokjurvdclt.com]","fullname":"Suspicious DGA Domain","name":"Suspicious DGA Domain","value":47},"proto":{"label":"TCP","value":"6"},"row_id":"2","score":{"color":"#ff3231","label":"180","value":180},"script_key":"ndpi_suspicious_dga_domain","severity":{"color":"#ff3231","label":"<i class='fas fa-fw fa-exclamation-triangle text-danger' style='color: #ff3231!important' title='Error'></i> ","value":5},"tstamp":{"highlight":"#ff3231","label":"17:05:29","value":1627657529},"vlan_id":"0"},{"additional_alerts":"Obsolete TLS Version [Score: 50], Remote Access [Score: 10], Remote to Remote [Score: 10], Unsafe Protocol [Score: 10]","alert_id":{"label":"<i class=\"fas fa-fw fa-exclamation\"></i> Suspicious DGA Domain","value":"47"},"alert_name":"<i class=\"fas fa-fw fa-exclamation\"></i> Suspicious DGA Domain","cli_role":{"label":"Is Attacker","tag_label":"Is Attacker","value":"attacker"},"count":1,"description":"Suspicious DGA Domain [www.gfu7hbxpfp.com]","duration":0,"family":"flow","flow":{"active_url":"/lua/flow_details.lua?flow_key=473498300&flow_hash_id=7","cli_ip":{"label":"192.168.1.252","reference":"<a href='/lua/host_details.lua?host=192.168.1.252' data-bs-toggle='tooltip' title=''><i class='fas fa-laptop'></i></a>","value":"192.168.1.252"},"cli_port":"51175","historical_url":"/lua/pro/nindex_query.lua?epoch_begin=1383822129&epoch_end=1627657529&cli_ip=192.168.1.252;eq&srv_ip=91.143.93.242;eq&cli_port=51175;eq&srv_port=443;eq&l4proto=TCP;eq","srv_ip":{"label":"www.ct7ctrgb6cr7.com","reference":"<a href='/lua/host_details.lua?host=91.143.93.242' data-bs-toggle='tooltip' title=''><i class='fas fa-laptop'></i></a>","value":"91.143.93.242"},"srv_port":"443"},"l7_proto":{"label":"TCP:TLS.Tor","value":"163"},"msg":{"configset_ref":" <a href=\"/lua/admin/edit_configset.lua?subdir=flow&check=ndpi_suspicious_dga_domain#all\"><i class=\"fas fa-cog\" title=\"Edit Configuration\"></i></a>","description":"Suspicious DGA Domain [www.gfu7hbxpfp.com]","fullname":"Suspicious DGA Domain","name":"Suspicious DGA Domain","value":47},"proto":{"label":"TCP","value":"6"},"row_id":"3","score":{"color":"#ff3231","label":"180","value":180},"script_key":"ndpi_suspicious_dga_domain","severity":{"color":"#ff3231","label":"<i class='fas fa-fw fa-exclamation-triangle text-danger' style='color: #ff3231!important' title='Error'></i> ","value":5},"tstamp":{"highlight":"#ff3231","label":"17:05:29","value":1627657529},"vlan_id":"0"},{"additional_alerts":"Remote to Remote [Score: 10]","alert_id":{"label":"<i class=\"fas fa-fw fa-exclamation\"></i> Obsolete TLS Version","value":"24"},"alert_name":"<i class=\"fas fa-fw fa-exclamation\"></i> Obsolete TLS Version","count":1,"description":"Obsolete TLS Version [Version: TLSv1]","duration":0,"family":"flow","flow":{"active_url":"/lua/flow_details.lua?flow_key=473481660&flow_hash_id=0","cli_ip":{"label":"192.168.1.252","reference":"<a href='/lua/host_details.lua?host=192.168.1.252' data-bs-toggle='tooltip' title=''><i class='fas fa-laptop'></i></a>","value":"192.168.1.252"},"cli_port":"51110","historical_url":"/lua/pro/nindex_query.lua?epoch_begin=1383821665&epoch_end=1627657529&cli_ip=192.168.1.252;eq&srv_ip=91.143.93.242;eq&cli_port=51110;eq&srv_port=443;eq&l4proto=TCP;eq","srv_ip":{"label":"www.ct7ctrgb6cr7.com","reference":"<a href='/lua/host_details.lua?host=91.143.93.242' data-bs-toggle='tooltip' title=''><i class='fas fa-laptop'></i></a>","value":"91.143.93.242"},"srv_port":"443"},"l7_proto":{"label":"TCP:TLS","value":"91"},"msg":{"configset_ref":" <a href=\"/lua/admin/edit_configset.lua?subdir=flow&check=tls_old_protocol_version#all\"><i class=\"fas fa-cog\" title=\"Edit Configuration\"></i></a>","description":"Obsolete TLS Version [Version: TLSv1]","fullname":"Obsolete TLS Version","name":"Obsolete TLS Version","value":24},"proto":{"label":"TCP","value":"6"},"row_id":"4","score":{"color":"#ffc007","label":"60","value":60},"script_key":"tls_old_protocol_version","severity":{"color":"#ffc007","label":"<i class='fas fa-fw fa-exclamation-triangle text-warning' style='color: #ffc007!important' title='Warning'></i> ","value":4},"tstamp":{"highlight":"#ffc007","label":"17:05:29","value":1627657529},"vlan_id":"0"},{"additional_alerts":"","alert_id":{"label":"<i class=\"fas fa-fw fa-exclamation\"></i> Remote to Remote","value":"16"},"alert_name":"<i class=\"fas fa-fw fa-exclamation\"></i> Remote to Remote","count":1,"description":"Remote to Remote","duration":0,"family":"flow","flow":{"active_url":"/lua/flow_details.lua?flow_key=2169551769&flow_hash_id=3","cli_ip":{"label":"192.168.1.1","reference":"<a href='/lua/host_details.lua?host=192.168.1.1' data-bs-toggle='tooltip' title=''><i class='fas fa-laptop'></i></a>","value":"192.168.1.1"},"cli_port":"17500","historical_url":"/lua/pro/nindex_query.lua?epoch_begin=1383821673&epoch_end=1627657529&cli_ip=192.168.1.1;eq&srv_ip=192.168.1.255;eq&cli_port=17500;eq&srv_port=17500;eq&l4proto=TCP;eq","srv_ip":{"label":"192.168.1.255","reference":"<a href='/lua/host_details.lua?host=192.168.1.255' data-bs-toggle='tooltip' title=''><i class='fas fa-laptop'></i></a>","value":"192.168.1.255"},"srv_port":"17500"},"l7_proto":{"label":"UDP:Dropbox","value":"121"},"msg":{"configset_ref":" <a href=\"/lua/admin/edit_configset.lua?subdir=flow&check=remote_to_remote#all\"><i class=\"fas fa-cog\" title=\"Edit Configuration\"></i></a>","description":"","fullname":"Remote to Remote","name":"Remote to Remote","value":16},"proto":{"label":"UDP","value":"17"},"row_id":"5","score":{"color":"#5cd65c","label":"10","value":10},"script_key":"remote_to_remote","severity":{"color":"#5cd65c","label":"<i class='fas fa-fw fa-hand-paper text-primary' style='color: #5cd65c!important' title='Notice'></i> ","value":3},"tstamp":{"highlight":"#5cd65c","label":"17:05:29","value":1627657529},"vlan_id":"0"},{"additional_alerts":"","alert_id":{"label":"<i class=\"fas fa-fw fa-exclamation\"></i> Remote to Remote","value":"16"},"alert_name":"<i class=\"fas fa-fw fa-exclamation\"></i> Remote to Remote","count":1,"description":"Remote to Remote","duration":0,"family":"flow","flow":{"active_url":"/lua/flow_details.lua?flow_key=2169575436&flow_hash_id=4","cli_ip":{"label":"192.168.1.252","reference":"<a href='/lua/host_details.lua?host=192.168.1.252' data-bs-toggle='tooltip' title=''><i class='fas fa-laptop'></i></a>","value":"192.168.1.252"},"cli_port":"138","historical_url":"/lua/pro/nindex_query.lua?epoch_begin=1383821693&epoch_end=1627657529&cli_ip=192.168.1.252;eq&srv_ip=192.168.1.255;eq&cli_port=138;eq&srv_port=138;eq&l4proto=TCP;eq","srv_ip":{"label":"192.168.1.255","reference":"<a href='/lua/host_details.lua?host=192.168.1.255' data-bs-toggle='tooltip' title=''><i class='fas fa-laptop'></i></a>","value":"192.168.1.255"},"srv_port":"138"},"l7_proto":{"label":"UDP:NetBIOS.SMBv1","value":"16"},"msg":{"configset_ref":" <a href=\"/lua/admin/edit_configset.lua?subdir=flow&check=remote_to_remote#all\"><i class=\"fas fa-cog\" title=\"Edit Configuration\"></i></a>","description":"","fullname":"Remote to Remote","name":"Remote to Remote","value":16},"proto":{"label":"UDP","value":"17"},"row_id":"6","score":{"color":"#5cd65c","label":"10","value":10},"script_key":"remote_to_remote","severity":{"color":"#5cd65c","label":"<i class='fas fa-fw fa-hand-paper text-primary' style='color: #5cd65c!important' title='Notice'></i> ","value":3},"tstamp":{"highlight":"#5cd65c","label":"17:05:29","value":1627657529},"vlan_id":"0"},{"additional_alerts":"","alert_id":{"label":"<i class=\"fas fa-fw fa-exclamation\"></i> Remote to Remote","value":"16"},"alert_name":"<i class=\"fas fa-fw fa-exclamation\"></i> Remote to Remote","count":1,"description":"Remote to Remote","duration":0,"family":"flow","flow":{"active_url":"/lua/flow_details.lua?flow_key=1575058424&flow_hash_id=5","cli_ip":{"label":"192.168.1.252","reference":"<a href='/lua/host_details.lua?host=192.168.1.252' data-bs-toggle='tooltip' title=''><i class='fas fa-laptop'></i></a>","value":"192.168.1.252"},"cli_port":"51104","historical_url":"/lua/pro/nindex_query.lua?epoch_begin=1383821734&epoch_end=1627657529&cli_ip=192.168.1.252;eq&srv_ip=157.56.30.46;eq&cli_port=51104;eq&srv_port=443;eq&l4proto=TCP;eq","srv_ip":{"label":"157.56.30.46","reference":"<a href='/lua/host_details.lua?host=157.56.30.46' data-bs-toggle='tooltip' title=''><i class='fas fa-laptop'></i></a>","value":"157.56.30.46"},"srv_port":"443"},"l7_proto":{"label":"TCP:TLS","value":"91"},"msg":{"configset_ref":" <a href=\"/lua/admin/edit_configset.lua?subdir=flow&check=remote_to_remote#all\"><i class=\"fas fa-cog\" title=\"Edit Configuration\"></i></a>","description":"","fullname":"Remote to Remote","name":"Remote to Remote","value":16},"proto":{"label":"TCP","value":"6"},"row_id":"7","score":{"color":"#5cd65c","label":"10","value":10},"script_key":"remote_to_remote","severity":{"color":"#5cd65c","label":"<i class='fas fa-fw fa-hand-paper text-primary' style='color: #5cd65c!important' title='Notice'></i> ","value":3},"tstamp":{"highlight":"#5cd65c","label":"17:05:29","value":1627657529},"vlan_id":"0"},{"additional_alerts":"Remote to Remote [Score: 10]","alert_id":{"label":"<i class=\"fas fa-fw fa-exclamation\"></i> Obsolete TLS Version","value":"24"},"alert_name":"<i class=\"fas fa-fw fa-exclamation\"></i> Obsolete TLS Version","count":1,"description":"Obsolete TLS Version [Version: TLSv1]","duration":0,"family":"flow","flow":{"active_url":"/lua/flow_details.lua?flow_key=2499624900&flow_hash_id=6","cli_ip":{"label":"192.168.1.252","reference":"<a href='/lua/host_details.lua?host=192.168.1.252' data-bs-toggle='tooltip' title=''><i class='fas fa-laptop'></i></a>","value":"192.168.1.252"},"cli_port":"51174","historical_url":"/lua/pro/nindex_query.lua?epoch_begin=1383822129&epoch_end=1627657529&cli_ip=192.168.1.252;eq&srv_ip=212.83.155.250;eq&cli_port=51174;eq&srv_port=443;eq&l4proto=TCP;eq","srv_ip":{"label":"www.t3i3ru.com","reference":"<a href='/lua/host_details.lua?host=212.83.155.250' data-bs-toggle='tooltip' title=''><i class='fas fa-laptop'></i></a>","value":"212.83.155.250"},"srv_port":"443"},"l7_proto":{"label":"TCP:TLS","value":"91"},"msg":{"configset_ref":" <a href=\"/lua/admin/edit_configset.lua?subdir=flow&check=tls_old_protocol_version#all\"><i class=\"fas fa-cog\" title=\"Edit Configuration\"></i></a>","description":"Obsolete TLS Version [Version: TLSv1]","fullname":"Obsolete TLS Version","name":"Obsolete TLS Version","value":24},"proto":{"label":"TCP","value":"6"},"row_id":"8","score":{"color":"#ffc007","label":"60","value":60},"script_key":"tls_old_protocol_version","severity":{"color":"#ffc007","label":"<i class='fas fa-fw fa-exclamation-triangle text-warning' style='color: #ffc007!important' title='Warning'></i> ","value":4},"tstamp":{"highlight":"#ffc007","label":"17:05:29","value":1627657529},"vlan_id":"0"},{"additional_alerts":"Remote to Remote [Score: 10]","alert_id":{"label":"<i class=\"fas fa-fw fa-exclamation\"></i> Obsolete TLS Version","value":"24"},"alert_name":"<i class=\"fas fa-fw fa-exclamation\"></i> Obsolete TLS Version","count":1,"description":"Obsolete TLS Version [Version: TLSv1]","duration":0,"family":"flow","flow":{"active_url":"/lua/flow_details.lua?flow_key=3884903423&flow_hash_id=8","cli_ip":{"label":"192.168.1.252","reference":"<a href='/lua/host_details.lua?host=192.168.1.252' data-bs-toggle='tooltip' title=''><i class='fas fa-laptop'></i></a>","value":"192.168.1.252"},"cli_port":"51176","historical_url":"/lua/pro/nindex_query.lua?epoch_begin=1383822130&epoch_end=1627657529&cli_ip=192.168.1.252;eq&srv_ip=38.229.70.53;eq&cli_port=51176;eq&srv_port=443;eq&l4proto=TCP;eq","srv_ip":{"label":"www.q4cyamnc6mtokjurvdcl…","reference":"<a href='/lua/host_details.lua?host=38.229.70.53' data-bs-toggle='tooltip' title=''><i class='fas fa-laptop'></i></a>","value":"38.229.70.53"},"srv_port":"443"},"l7_proto":{"label":"TCP:TLS","value":"91"},"msg":{"configset_ref":" <a href=\"/lua/admin/edit_configset.lua?subdir=flow&check=tls_old_protocol_version#all\"><i class=\"fas fa-cog\" title=\"Edit Configuration\"></i></a>","description":"Obsolete TLS Version [Version: TLSv1]","fullname":"Obsolete TLS Version","name":"Obsolete TLS Version","value":24},"proto":{"label":"TCP","value":"6"},"row_id":"9","score":{"color":"#ffc007","label":"60","value":60},"script_key":"tls_old_protocol_version","severity":{"color":"#ffc007","label":"<i class='fas fa-fw fa-exclamation-triangle text-warning' style='color: #ffc007!important' title='Warning'></i> ","value":4},"tstamp":{"highlight":"#ffc007","label":"17:05:29","value":1627657529},"vlan_id":"0"},{"additional_alerts":"Remote to Remote [Score: 10]","alert_id":{"label":"<i class=\"fas fa-fw fa-exclamation\"></i> Obsolete TLS Version","value":"24"},"alert_name":"<i class=\"fas fa-fw fa-exclamation\"></i> Obsolete TLS Version","count":1,"description":"Obsolete TLS Version [Version: TLSv1]","duration":0,"family":"flow","flow":{"active_url":"/lua/flow_details.lua?flow_key=4286331056&flow_hash_id=9","cli_ip":{"label":"192.168.1.252","reference":"<a href='/lua/host_details.lua?host=192.168.1.252' data-bs-toggle='tooltip' title=''><i class='fas fa-laptop'></i></a>","value":"192.168.1.252"},"cli_port":"51185","historical_url":"/lua/pro/nindex_query.lua?epoch_begin=1383822190&epoch_end=1627657529&cli_ip=192.168.1.252;eq&srv_ip=62.210.137.230;eq&cli_port=51185;eq&srv_port=443;eq&l4proto=TCP;eq","srv_ip":{"label":"www.6gyip7tqim7sieb.com","reference":"<a href='/lua/host_details.lua?host=62.210.137.230' data-bs-toggle='tooltip' title=''><i class='fas fa-laptop'></i></a>","value":"62.210.137.230"},"srv_port":"443"},"l7_proto":{"label":"TCP:TLS","value":"91"},"msg":{"configset_ref":" <a href=\"/lua/admin/edit_configset.lua?subdir=flow&check=tls_old_protocol_version#all\"><i class=\"fas fa-cog\" title=\"Edit Configuration\"></i></a>","description":"Obsolete TLS Version [Version: TLSv1]","fullname":"Obsolete TLS Version","name":"Obsolete TLS Version","value":24},"proto":{"label":"TCP","value":"6"},"row_id":"10","score":{"color":"#ffc007","label":"60","value":60},"script_key":"tls_old_protocol_version","severity":{"color":"#ffc007","label":"<i class='fas fa-fw fa-exclamation-triangle text-warning' style='color: #ffc007!important' title='Warning'></i> ","value":4},"tstamp":{"highlight":"#ffc007","label":"17:05:29","value":1627657529},"vlan_id":"0"}]}}
