{"success":true}
{"rc":0,"rc_str":"OK","rc_str_hr":"Success","recordsFiltered":1,"recordsTotal":1,"rsp":{"records":[{"additional_alerts":"","alert_id":{"label":"<i class=\"fas fa-fw fa-exclamation\"></i> TLS Certificate Expired","value":"22"},"alert_name":"<i class=\"fas fa-fw fa-exclamation\"></i> TLS Certificate Expired","count":1,"description":"TLS Certificate Expired [www.repstatic.it,repstatic.it,amp-video.lastampa.it,www.repubblica.it,amp-video.deejay.it,amp-video.d.repubblica.it,www.gelestatic.it,oasjs.kataweb.it,video.d.repubblica.it,www.test.capital.it,napoli.repubblica.it,video.ilsecoloxix.it,genova.repubblica.it,cdn.gelestatic.it,video.gelocal.it,media.deejay.it,media.m2o.it,amp-video.espresso.repubblica.it,download.gelocal.it,amp-video.m2o.it,bologna.repubblica.it,torino.repubblica.it,scripts.kataweb.it,palermo.repubblica.it,roma.repubblica.it,video.xl.repubblica.it,amp-video.gelocal.it,video.espresso.repubblica.it,www.capital.it,video.limesonline.com,media.capital.it,syndication-vod-pro.akamai.media.kataweb.it,test.capital.it,video.deejay.it,video.repubblica.it,milano.repubblica.it,video.lanuovasardegna.it,video.m2o.it,parma.repubblica.it,video.3nz.it,syndication-vod-hds.akamai.media.kataweb.it,amp-video.repubblica.it,video.lastampa.it,webfragments.repubblica.it,amp-video.xl.repubblica.it,amp-video.limesonline.com,media.kataweb.it,bari.repubblica.it,syndication-vod-hls.akamai.media.kataweb.it,amp-video.3nz.it,syndication3rd-vod-pro.akamai.media.kataweb.it,firenze.repubblica.it,amp-video.ilsecoloxix.it,amp-video.lanuovasardegna.it,cdn.flv.kataweb.it][07/03/2019 02:00:00 - 05/05/2020 14:00:00]","duration":0,"family":"flow","flow":{"active_url":"/lua/flow_details.lua?flow_key=689480653&flow_hash_id=0","cli_ip":{"label":"192.168.2.126","reference":"<a href='/lua/host_details.lua?host=192.168.2.126' data-bs-toggle='tooltip' title=''><i class='fas fa-laptop'></i></a>","value":"192.168.2.126"},"cli_port":"60174","historical_url":"/lua/pro/nindex_query.lua?epoch_begin=1622559830&epoch_end=1627657564&cli_ip=192.168.2.126;eq&srv_ip=104.111.215.93;eq&cli_port=60174;eq&srv_port=443;eq&l4proto=TCP;eq","srv_ip":{"label":"www.repubblica.it","reference":"<a href='/lua/host_details.lua?host=104.111.215.93' data-bs-toggle='tooltip' title=''><i class='fas fa-laptop'></i></a>","value":"104.111.215.93"},"srv_port":"443"},"l7_proto":{"label":"TCP:TLS","value":"91"},"msg":{"configset_ref":" <a href=\"/lua/admin/edit_configset.lua?subdir=flow&check=tls_certificate_expired#all\"><i class=\"fas fa-cog\" title=\"Edit Configuration\"></i></a>","description":"TLS Certificate Expired [www.repstatic.it,repstatic.it,amp-video.lastampa.it,www.repubblica.it,amp-video.deejay.it,amp-video.d.repubblica.it,www.gelestatic.it,oasjs.kataweb.it,video.d.repubblica.it,www.test.capital.it,napoli.repubblica.it,video.ilsecoloxix.it,genova.repubblica.it,cdn.gelestatic.it,video.gelocal.it,media.deejay.it,media.m2o.it,amp-video.espresso.repubblica.it,download.gelocal.it,amp-video.m2o.it,bologna.repubblica.it,torino.repubblica.it,scripts.kataweb.it,palermo.repubblica.it,roma.repubblica.it,video.xl.repubblica.it,amp-video.gelocal.it,video.espresso.repubblica.it,www.capital.it,video.limesonline.com,media.capital.it,syndication-vod-pro.akamai.media.kataweb.it,test.capital.it,video.deejay.it,video.repubblica.it,milano.repubblica.it,video.lanuovasardegna.it,video.m2o.it,parma.repubblica.it,video.3nz.it,syndication-vod-hds.akamai.media.kataweb.it,amp-video.repubblica.it,video.lastampa.it,webfragments.repubblica.it,amp-video.xl.repubblica.it,amp-video.limesonline.com,media.kataweb.it,bari.repubblica.it,syndication-vod-hls.akamai.media.kataweb.it,amp-video.3nz.it,syndication3rd-vod-pro.akamai.media.kataweb.it,firenze.repubblica.it,amp-video.ilsecoloxix.it,amp-video.lanuovasardegna.it,cdn.flv.kataweb.it][07/03/2019 02:00:00 - 05/05/2020 14:00:00]","fullname":"TLS Certificate Expired","name":"TLS Certificate Expired","value":22},"proto":{"label":"TCP","value":"6"},"row_id":"1","score":{"color":"#ff3231","label":"100","value":100},"script_key":"tls_certificate_expired","severity":{"color":"#ff3231","label":"<i class='fas fa-fw fa-exclamation-triangle text-danger' style='color: #ff3231!important' title='Error'></i> ","value":5},"tstamp":{"highlight":"#ff3231","label":"17:06:04","value":1627657564},"vlan_id":"0"}]}}
