{"rc":0,"rc_str":"OK","rc_str_hr":"Success","rsp":{"alerted_flows":43,"alerted_flows_error":40,"alerted_flows_notice":1,"alerted_flows_warning":2,"bytes":3744757,"bytes_download":3744757,"bytes_upload":0,"dropped_alerts":0,"drops":0,"engaged_alerts":0,"epoch":1627657951,"flow_dropped_alerts":0,"flow_export_count":0,"flow_export_drops":0,"flow_export_rate":0,"flows_pctg":1,"host_dropped_alerts":0,"hosts_pctg":1,"ifid":"0","ifname":"test_01.pcap","is_view":false,"local2remote":185214,"localtime":"17:12:31 +0200","macs_pctg":1,"num_devices":4,"num_flows":179,"num_hosts":42,"num_live_captures":0,"num_local_hosts":4,"num_local_hosts_anomalies":0,"num_remote_hosts_anomalies":0,"other_dropped_alerts":0,"packets":5000,"packets_download":5000,"packets_upload":0,"periodic_stats_update_frequency_secs":5,"profiles":[],"remote2local":3332878,"remote_bps":0,"remote_pps":0,"speed":1000,"system_host_stats":{"alerts_queries":51,"alerts_stats":{"alert_queues":{"internal_alerts_queue":{"pct_not_enqueued":0}}},"cpu_load":0,"dropped_alerts":0,"mem_buffers":2577472,"mem_cached":5925252,"mem_free":3621420,"mem_ntopng_resident":422164,"mem_ntopng_virtual":21475300940,"mem_shmem":0,"mem_sreclaimable":1289444,"mem_total":32734476,"mem_used":19320888,"written_alerts":0},"tcpPacketStats":{"lost":0,"out_of_order":0,"retransmissions":10},"throughput":{"download":{"bps":0,"pps":0},"upload":{"bps":0,"pps":0}},"throughput_bps":0,"throughput_pps":0,"uptime":"00:17"}}
